Test run for C:\git\Spanner.InMemoryEmulator\tests\Spanner.InMemoryEmulator.Tests.Integration\bin\Debug\net8.0\Spanner.InMemoryEmulator.Tests.Integration.dll (.NETCoreApp,Version=v8.0)
Test run for C:\git\Spanner.InMemoryEmulator\tests\Spanner.InMemoryEmulator.Tests.Unit\bin\Debug\net8.0\Spanner.InMemoryEmulator.Tests.Unit.dll (.NETCoreApp,Version=v8.0)
A total of 1 test files matched the specified pattern.
A total of 1 test files matched the specified pattern.
[xUnit.net 00:00:00.00] xUnit.net VSTest Adapter v2.8.2+699d445a1a (64-bit .NET 8.0.26)
[xUnit.net 00:00:00.37]   Discovering: Spanner.InMemoryEmulator.Tests.Integration
[xUnit.net 00:00:00.00] xUnit.net VSTest Adapter v2.8.2+699d445a1a (64-bit .NET 8.0.26)
[xUnit.net 00:00:00.56]   Discovering: Spanner.InMemoryEmulator.Tests.Unit
[xUnit.net 00:00:00.72]   Discovered:  Spanner.InMemoryEmulator.Tests.Unit
[xUnit.net 00:00:00.72]   Starting:    Spanner.InMemoryEmulator.Tests.Unit
  Passed Spanner.InMemoryEmulator.Tests.Unit.CloudSpannerTargetTests.CloudSpannerTestFixture_ReturnsNullDatabaseAndServer [19 ms]
  Passed Spanner.InMemoryEmulator.Tests.Unit.TypeConverterTests.Bool_RoundTrips [20 ms]
  Passed Spanner.InMemoryEmulator.Tests.Unit.SessionManagerTests.CreateSession_ReturnsSessionWithValidName [19 ms]
  Passed Spanner.InMemoryEmulator.Tests.Unit.RowKeyTests.Equals_DifferentValues_ReturnsFalse [19 ms]
  Passed Spanner.InMemoryEmulator.Tests.Unit.FaultInjectorTests.ForMethodNTimes_CountAppliesToTargetMethodOnly [22 ms]
  Passed Spanner.InMemoryEmulator.Tests.Unit.ChangeStreamTests.AlterChangeStream_SetForAll_Succeeds [23 ms]
  Passed Spanner.InMemoryEmulator.Tests.Unit.SessionManagerTests.DeleteSession_RemovesSession [< 1 ms]
  Passed Spanner.InMemoryEmulator.Tests.Unit.RowKeyTests.CompareTo_LexicographicOrder [2 ms]
  Passed Spanner.InMemoryEmulator.Tests.Unit.TypeConverterTests.Int64_RoundTrips_AsString [2 ms]
  Passed Spanner.InMemoryEmulator.Tests.Unit.CloudSpannerTargetTests.EmulatorSession_CloudSpanner_ReadsEnvironmentVariables [2 ms]
  Passed Spanner.InMemoryEmulator.Tests.Unit.TypeConverterTests.String_RoundTrips [< 1 ms]
  Passed Spanner.InMemoryEmulator.Tests.Unit.FaultInjectorTests.ForMethod_ReturnsFaultOnlyForTargetedMethod [3 ms]
  Passed Spanner.InMemoryEmulator.Tests.Unit.FaultInjectorTests.ForMethodNTimes_FaultsTargetMethodNTimes_ThenSucceeds [< 1 ms]
  Passed Spanner.InMemoryEmulator.Tests.Unit.CloudSpannerTargetTests.SpannerTestTargetHelper_ParsesEnvironmentVariable(envValue: "InMemory", expected: InMemory) [1 ms]
  Passed Spanner.InMemoryEmulator.Tests.Unit.FaultInjectorTests.ForMethod_IsCaseInsensitive [< 1 ms]
  Passed Spanner.InMemoryEmulator.Tests.Unit.CloudSpannerTargetTests.SpannerTestTargetHelper_ParsesEnvironmentVariable(envValue: "", expected: InMemory) [< 1 ms]
  Passed Spanner.InMemoryEmulator.Tests.Unit.CloudSpannerTargetTests.SpannerTestTargetHelper_ParsesEnvironmentVariable(envValue: "CLOUD", expected: CloudSpanner) [< 1 ms]
  Passed Spanner.InMemoryEmulator.Tests.Unit.RowKeyTests.Equals_SameValues_ReturnsTrue [1 ms]
  Passed Spanner.InMemoryEmulator.Tests.Unit.CloudSpannerTargetTests.SpannerTestTargetHelper_ParsesEnvironmentVariable(envValue: "CloudSpanner", expected: CloudSpanner) [< 1 ms]
  Passed Spanner.InMemoryEmulator.Tests.Unit.CloudSpannerTargetTests.SpannerTestTargetHelper_ParsesEnvironmentVariable(envValue: null, expected: InMemory) [< 1 ms]
  Passed Spanner.InMemoryEmulator.Tests.Unit.CloudSpannerTargetTests.SpannerTestTargetHelper_ParsesEnvironmentVariable(envValue: "unknown", expected: InMemory) [< 1 ms]
  Passed Spanner.InMemoryEmulator.Tests.Unit.CloudSpannerTargetTests.SpannerTestTargetHelper_ParsesEnvironmentVariable(envValue: "cloud", expected: CloudSpanner) [< 1 ms]
  Passed Spanner.InMemoryEmulator.Tests.Unit.RowKeyTests.CompareTo_NullSortsFirst [< 1 ms]
  Passed Spanner.InMemoryEmulator.Tests.Unit.CloudSpannerTargetTests.SpannerTestTargetHelper_ParsesEnvironmentVariable(envValue: "cloudspanner", expected: CloudSpanner) [< 1 ms]
  Passed Spanner.InMemoryEmulator.Tests.Unit.CloudSpannerTargetTests.SpannerTestTargetHelper_ParsesEnvironmentVariable(envValue: "emulator", expected: Emulator) [< 1 ms]
  Passed Spanner.InMemoryEmulator.Tests.Unit.CloudSpannerTargetTests.TestFixtureFactory_ReturnsCloudSpannerFixture_ForCloudSpannerTarget [< 1 ms]
  Passed Spanner.InMemoryEmulator.Tests.Unit.TypeConverterTests.Float64_RoundTrips [3 ms]
  Passed Spanner.InMemoryEmulator.Tests.Unit.SessionManagerTests.BatchCreateSessions_ReturnsRequestedCount [6 ms]
  Passed Spanner.InMemoryEmulator.Tests.Unit.TypeConverterTests.Null_RoundTrips [1 ms]
  Passed Spanner.InMemoryEmulator.Tests.Unit.FaultInjectorTests.NTimes_IsThreadSafe [11 ms]
  Passed Spanner.InMemoryEmulator.Tests.Unit.FaultInjectorTests.Always_UsesCustomMessage [< 1 ms]
  Passed Spanner.InMemoryEmulator.Tests.Unit.FaultInjectorTests.Always_SupportsDeadlineExceeded [< 1 ms]
  Passed Spanner.InMemoryEmulator.Tests.Unit.FaultInjectorTests.NTimes_WithCountOne_FaultsExactlyOnce [< 1 ms]
  Passed Spanner.InMemoryEmulator.Tests.Unit.FaultInjectorTests.NTimes_WithCountZero_NeverFaults [< 1 ms]
  Passed Spanner.InMemoryEmulator.Tests.Unit.FaultInjectorTests.NTimes_ReturnsFaultForFirstNCalls_ThenNull [< 1 ms]
  Passed Spanner.InMemoryEmulator.Tests.Unit.FaultInjectorTests.ForMethodNTimes_DoesNotFaultOtherMethods [< 1 ms]
  Passed Spanner.InMemoryEmulator.Tests.Unit.FaultInjectorTests.Always_ReturnsFaultForEveryCall [< 1 ms]
  Passed Spanner.InMemoryEmulator.Tests.Unit.FaultInjectorTests.ForMethod_ReturnsNullForNonMatchingMethods [< 1 ms]
  Passed Spanner.InMemoryEmulator.Tests.Unit.PropertyGraphTests.CreatePropertyGraph_Simple_Succeeds [163 ms]
  Passed Spanner.InMemoryEmulator.Tests.Unit.PropertyGraphTests.CreatePropertyGraph_WithEdgeTables_Succeeds [1 ms]
  Passed Spanner.InMemoryEmulator.Tests.Unit.PropertyGraphTests.DropPropertyGraph_IfExists_Succeeds [1 ms]
  Passed Spanner.InMemoryEmulator.Tests.Unit.PropertyGraphTests.DropPropertyGraph_Succeeds [2 ms]
  Passed Spanner.InMemoryEmulator.Tests.Unit.ExtendedRpcTests.PartitionRead_ReturnsSinglePartition [176 ms]
  Passed Spanner.InMemoryEmulator.Tests.Unit.PropertyGraphTests.CreateOrReplacePropertyGraph_Succeeds [1 ms]
  Passed Spanner.InMemoryEmulator.Tests.Unit.DdlParserTests.CreateTable_AllColumnTypes_CreatesCorrectSchema [117 ms]
  Passed Spanner.InMemoryEmulator.Tests.Unit.AdvancedDmlTests.InsertOrIgnore_SkipsDuplicateKey [186 ms]
  Passed Spanner.InMemoryEmulator.Tests.Unit.UnnestAndArrayTests.ArrayAccess_SafeOffset_OutOfBounds [132 ms]
  Passed Spanner.InMemoryEmulator.Tests.Unit.DmlExecutorTests.InsertDml_WithParameter_InsertsCorrectly [132 ms]
  Passed Spanner.InMemoryEmulator.Tests.Unit.CheckConstraintTests.CheckConstraint_Passes_WhenNull [186 ms]
  Passed Spanner.InMemoryEmulator.Tests.Unit.AggregateTests.StringAgg_ConcatenatesWithDelimiter [188 ms]
  Passed Spanner.InMemoryEmulator.Tests.Unit.InformationSchemaTests.Tables_ShowsParentTable [188 ms]
  Passed Spanner.InMemoryEmulator.Tests.Unit.ViewTests.View_WithAlias [188 ms]
  Passed Spanner.InMemoryEmulator.Tests.Unit.ChangeStreamTests.InformationSchema_ChangeStreams_ReturnsDefined [144 ms]
  Passed Spanner.InMemoryEmulator.Tests.Unit.UnnestAndArrayTests.ArrayAccess_SafeOrdinal_OutOfBounds [3 ms]
  Passed Spanner.InMemoryEmulator.Tests.Unit.AdvancedDmlTests.InsertOrUpdate_MultipleRows [3 ms]
  Passed Spanner.InMemoryEmulator.Tests.Unit.UniqueIndexTests.Insert_NullInUniqueColumn_AllowsMultiple [16 ms]
  Passed Spanner.InMemoryEmulator.Tests.Unit.AdvancedDmlTests.InsertOrIgnore_InsertsNewRow [1 ms]
  Passed Spanner.InMemoryEmulator.Tests.Unit.InterleavedTableTests.DmlDelete_NoAction_ThrowsWhenChildrenExist [192 ms]
  Passed Spanner.InMemoryEmulator.Tests.Unit.UniqueIndexTests.Insert_DuplicateUniqueIndexValue_Throws [2 ms]
  Passed Spanner.InMemoryEmulator.Tests.Unit.CheckConstraintTests.CheckConstraint_Fails_WhenConditionIsFalse [6 ms]
  Passed Spanner.InMemoryEmulator.Tests.Unit.ViewTests.CreateOrReplaceView_OverwritesExisting [5 ms]
  Passed Spanner.InMemoryEmulator.Tests.Unit.DdlParserTests.CreateTable_DuplicateTable_ThrowsException [22 ms]
  Passed Spanner.InMemoryEmulator.Tests.Unit.UuidAndTypeTests.NewUuid_ReturnsValidUuid [194 ms]
  Passed Spanner.InMemoryEmulator.Tests.Unit.UuidAndTypeTests.TypeConverter_ToProtobufValue_Uuid_EncodesAsString [< 1 ms]
  Passed Spanner.InMemoryEmulator.Tests.Unit.CoreFunctionTests.Rpad [195 ms]
  Passed Spanner.InMemoryEmulator.Tests.Unit.QueryExecutorTests.Select_UpperLowerFunction_Works [194 ms]
  Passed Spanner.InMemoryEmulator.Tests.Unit.InterleavedTableTests.DeleteParent_NoAction_ThrowsWhenChildrenExist [2 ms]
  Passed Spanner.InMemoryEmulator.Tests.Unit.CheckConstraintTests.CheckConstraint_Unnamed_Fails [2 ms]
  Passed Spanner.InMemoryEmulator.Tests.Unit.ObserverCallbackTests.Unary_OnResponseSent_Fires_WithCorrectData [141 ms]
  Passed Spanner.InMemoryEmulator.Tests.Unit.UuidAndTypeTests.TypeConverter_FromProtobufValue_Uuid_DecodesAsString [< 1 ms]
  Passed Spanner.InMemoryEmulator.Tests.Unit.ViewTests.CreateView_QueryReturnsFilteredData [1 ms]
  Passed Spanner.InMemoryEmulator.Tests.Unit.UuidAndTypeTests.TypeConverter_ToProtobufType_Uuid_SetsCorrectCode [< 1 ms]
  Passed Spanner.InMemoryEmulator.Tests.Unit.ChangeStreamTests.CreateChangeStream_WithOptions_Succeeds [8 ms]
  Passed Spanner.InMemoryEmulator.Tests.Unit.CompressionFunctionTests.ZstdDecompressToBytes_NullInput_ReturnsNull [132 ms]
  Passed Spanner.InMemoryEmulator.Tests.Unit.QueryExecutorTests.Select_LengthFunction_ReturnsStringLength [1 ms]
  Passed Spanner.InMemoryEmulator.Tests.Unit.ObserverCallbackTests.OnResponseSent_ThrowingObserver_DoesNotBreakMethod [1 ms]
  Passed Spanner.InMemoryEmulator.Tests.Unit.ViewTests.View_WithoutSqlSecurity [1 ms]
  Passed Spanner.InMemoryEmulator.Tests.Unit.InterleavedTableTests.DmlDelete_Cascade_DeletesChildren [19 ms]
  Passed Spanner.InMemoryEmulator.Tests.Unit.AdvancedDmlTests.InsertFromSelect_WithWhere_FiltersRows [23 ms]
  Passed Spanner.InMemoryEmulator.Tests.Unit.DmlExecutorTests.UpdateDml_WithParameter_UpdatesCorrectly [29 ms]
  Passed Spanner.InMemoryEmulator.Tests.Unit.UniqueIndexTests.Update_SameRowSameValue_Succeeds [22 ms]
  Passed Spanner.InMemoryEmulator.Tests.Unit.ChangeStreamTests.AlterChangeStream_SetOptions_Succeeds [18 ms]
  Passed Spanner.InMemoryEmulator.Tests.Unit.UuidAndTypeTests.CreateTable_WithUuidColumn_Succeeds [19 ms]
  Passed Spanner.InMemoryEmulator.Tests.Unit.ChangeStreamTests.CreateChangeStream_ForAll_Succeeds [1 ms]
  Passed Spanner.InMemoryEmulator.Tests.Unit.UnnestAndArrayTests.Unnest_EmptyArray [27 ms]
  Passed Spanner.InMemoryEmulator.Tests.Unit.InterleavedTableTests.DeleteParent_NoAction_SucceedsWhenNoChildren [2 ms]
  Passed Spanner.InMemoryEmulator.Tests.Unit.QueryExecutorTests.Select_ArithmeticExpression_EvaluatesCorrectly [20 ms]
  Passed Spanner.InMemoryEmulator.Tests.Unit.ViewTests.DropView_RemovesView [3 ms]
  Passed Spanner.InMemoryEmulator.Tests.Unit.AdvancedDmlTests.InsertOrUpdate_UpdatesExistingRow [2 ms]
  Passed Spanner.InMemoryEmulator.Tests.Unit.ChangeStreamTests.InformationSchema_ChangeStreams_AfterDrop_IsEmpty [< 1 ms]
  Passed Spanner.InMemoryEmulator.Tests.Unit.UniqueIndexTests.Mutation_InsertOrUpdate_ViolatesUniqueIndex_Throws [2 ms]
  Passed Spanner.InMemoryEmulator.Tests.Unit.ObserverCallbackTests.Server_PassThrough_OnResponseSent_DelegatesToService [20 ms]
  Passed Spanner.InMemoryEmulator.Tests.Unit.UuidAndTypeTests.NewUuid_CanInsertIntoUuidColumn [2 ms]
  Passed Spanner.InMemoryEmulator.Tests.Unit.ChangeStreamTests.AlterChangeStream_DropForAll_Succeeds [< 1 ms]
  Passed Spanner.InMemoryEmulator.Tests.Unit.ViewTests.CreateView_DuplicateThrows [1 ms]
  Passed Spanner.InMemoryEmulator.Tests.Unit.AdvancedDmlTests.InsertOrUpdate_InsertsNewRow [2 ms]
  Passed Spanner.InMemoryEmulator.Tests.Unit.UuidAndTypeTests.InsertAndQuery_UuidColumn_RoundTrips [1 ms]
  Passed Spanner.InMemoryEmulator.Tests.Unit.InformationSchemaTests.Tables_ReturnsAllTables [31 ms]
  Passed Spanner.InMemoryEmulator.Tests.Unit.MutationTests.Insert_NonExistentTable_ThrowsException [1 ms]
  Passed Spanner.InMemoryEmulator.Tests.Unit.CoreFunctionTests.CurrentDate_ReturnsDate [25 ms]
  Passed Spanner.InMemoryEmulator.Tests.Unit.ObserverCallbackTests.OnRequestReceived_ThrowingObserver_DoesNotBreakMethod [2 ms]
  Passed Spanner.InMemoryEmulator.Tests.Unit.InterleavedTableTests.DeleteParent_Cascade_ThreeLevels [3 ms]
  Passed Spanner.InMemoryEmulator.Tests.Unit.UnnestAndArrayTests.ArrayAccess_Offset [4 ms]
  Passed Spanner.InMemoryEmulator.Tests.Unit.ChangeStreamTests.CreateChangeStream_ForColumns_Succeeds [2 ms]
  Passed Spanner.InMemoryEmulator.Tests.Unit.CheckConstraintTests.CheckConstraint_Update_Fails [26 ms]
  Passed Spanner.InMemoryEmulator.Tests.Unit.JoinTests.RightJoin_IncludesUnmatchedRightRows [221 ms]
  Passed Spanner.InMemoryEmulator.Tests.Unit.ChangeStreamTests.CreateChangeStream_Suspended_Succeeds [< 1 ms]
  Passed Spanner.InMemoryEmulator.Tests.Unit.UuidAndTypeTests.NewUuid_EachCallReturnsDifferentValue [2 ms]
  Passed Spanner.InMemoryEmulator.Tests.Unit.MutationTests.Insert_MultipleRows_AllPersisted [1 ms]
  Passed Spanner.InMemoryEmulator.Tests.Unit.AggregateTests.AnyValue_WithGroupBy_ReturnsPerGroup [33 ms]
  Passed Spanner.InMemoryEmulator.Tests.Unit.ObserverCallbackTests.Unary_OnRequestReceived_Fires_WithCorrectData [1 ms]
  Passed Spanner.InMemoryEmulator.Tests.Unit.CoreFunctionTests.RegexpContains [2 ms]
  Passed Spanner.InMemoryEmulator.Tests.Unit.MutationTests.Delete_NonExistentRow_DoesNotThrow [< 1 ms]
  Passed Spanner.InMemoryEmulator.Tests.Unit.InterleavedTableTests.DeleteParent_Cascade_LeavesOtherParentsChildren [2 ms]
  Passed Spanner.InMemoryEmulator.Tests.Unit.AdvancedDmlTests.InsertFromSelect_CopiesRows [2 ms]
  Passed Spanner.InMemoryEmulator.Tests.Unit.ChangeStreamTests.CreateChangeStream_ForSpecificTable_Succeeds [1 ms]
  Passed Spanner.InMemoryEmulator.Tests.Unit.LengthValidationTests.String_WithinLength_Succeeds [1 ms]
  Passed Spanner.InMemoryEmulator.Tests.Unit.ChangeStreamTests.InformationSchema_ChangeStreams_ReturnsAll [< 1 ms]
  Passed Spanner.InMemoryEmulator.Tests.Unit.CheckConstraintTests.CheckConstraint_Passes_WhenConditionIsTrue [2 ms]
  Passed Spanner.InMemoryEmulator.Tests.Unit.ExtendedRpcTests.PartitionQuery_WithExistingTransaction_ReturnsTransaction [53 ms]
  Passed Spanner.InMemoryEmulator.Tests.Unit.QueryExecutorTests.Select_StarFromTable_ReturnsAllColumns [7 ms]
  Passed Spanner.InMemoryEmulator.Tests.Unit.ChangeStreamTests.DropChangeStream_Succeeds [< 1 ms]
  Passed Spanner.InMemoryEmulator.Tests.Unit.CoreFunctionTests.Upper [1 ms]
  Passed Spanner.InMemoryEmulator.Tests.Unit.AggregateTests.BitAnd_ComputesBitwiseAnd [2 ms]
  Passed Spanner.InMemoryEmulator.Tests.Unit.MutationTests.Update_ExistingRow_UpdatesValues [1 ms]
  Passed Spanner.InMemoryEmulator.Tests.Unit.InformationSchemaTests.TableConstraints_ReturnsPks [4 ms]
  Passed Spanner.InMemoryEmulator.Tests.Unit.LengthValidationTests.String_ExactLength_Succeeds [1 ms]
  Passed Spanner.InMemoryEmulator.Tests.Unit.InterleavedTableTests.DeleteParent_Cascade_DeletesChildRows [2 ms]
  Passed Spanner.InMemoryEmulator.Tests.Unit.UnnestAndArrayTests.Unnest_WithOffset [5 ms]
  Passed Spanner.InMemoryEmulator.Tests.Unit.LengthValidationTests.String_Null_Succeeds [1 ms]
  Passed Spanner.InMemoryEmulator.Tests.Unit.MutationTests.InsertOrUpdate_ExistingRow_UpdatesRow [9 ms]
  Passed Spanner.InMemoryEmulator.Tests.Unit.UniqueIndexTests.Update_ToConflictingUniqueValue_Throws [17 ms]
  Passed Spanner.InMemoryEmulator.Tests.Unit.SequenceTests.Sequence_ValuesAreUnique [234 ms]
  Passed Spanner.InMemoryEmulator.Tests.Unit.DmlExecutorTests.DeleteDml_NoMatchingRows_ReturnsZero [20 ms]
  Passed Spanner.InMemoryEmulator.Tests.Unit.JoinTests.Join_WithGroupBy_Works [13 ms]
  Passed Spanner.InMemoryEmulator.Tests.Unit.LengthValidationTests.String_Max_NoLengthLimit [9 ms]
  Passed Spanner.InMemoryEmulator.Tests.Unit.SequenceTests.CreateDuplicateSequence_Throws [1 ms]
  Passed Spanner.InMemoryEmulator.Tests.Unit.AggregateTests.CountIf_CountsTrueValues [11 ms]
  Passed Spanner.InMemoryEmulator.Tests.Unit.UniqueIndexTests.Insert_DifferentUniqueIndexValue_Succeeds [1 ms]
  Passed Spanner.InMemoryEmulator.Tests.Unit.InformationSchemaTests.Schemata_ReturnsDefaultAndInformationSchema [11 ms]
  Passed Spanner.InMemoryEmulator.Tests.Unit.MutationTests.Update_NonExistentRow_ThrowsException [2 ms]
  Passed Spanner.InMemoryEmulator.Tests.Unit.UnnestAndArrayTests.ArrayAccess_Offset_ThrowsOnOutOfBounds [11 ms]
  Passed Spanner.InMemoryEmulator.Tests.Unit.QueryExecutorTests.Select_MinMax_ReturnsMinAndMax [12 ms]
  Passed Spanner.InMemoryEmulator.Tests.Unit.LengthValidationTests.String_ExceedsLength_Throws [1 ms]
  Passed Spanner.InMemoryEmulator.Tests.Unit.DmlExecutorTests.UpdateDml_UpdateMultipleRows_ReturnsCorrectCount [2 ms]
  Passed Spanner.InMemoryEmulator.Tests.Unit.ObserverCallbackTests.FaultInjection_OnResponseSent_FiresWithErrorStatus [15 ms]
  Passed Spanner.InMemoryEmulator.Tests.Unit.MutationTests.ClearAll_ClearsSchemaAndData [1 ms]
  Passed Spanner.InMemoryEmulator.Tests.Unit.UniqueIndexTests.Mutation_Replace_ViolatesUniqueIndex_Throws [2 ms]
  Passed Spanner.InMemoryEmulator.Tests.Unit.SequenceTests.GetInternalSequenceState_ReturnsCounter [2 ms]
  Passed Spanner.InMemoryEmulator.Tests.Unit.QueryExecutorTests.Select_OrderByAsc_ReturnsInOrder [1 ms]
  Passed Spanner.InMemoryEmulator.Tests.Unit.UnnestAndArrayTests.Unnest_FlattenArrayLiteral [1 ms]
  Passed Spanner.InMemoryEmulator.Tests.Unit.ObserverCallbackTests.FaultInjection_OnRequestReceived_StillFires [1 ms]
  Passed Spanner.InMemoryEmulator.Tests.Unit.DmlExecutorTests.UpdateDml_NoMatchingRows_ReturnsZero [1 ms]
  Passed Spanner.InMemoryEmulator.Tests.Unit.MutationTests.Insert_NotNullViolation_ThrowsException [1 ms]
  Passed Spanner.InMemoryEmulator.Tests.Unit.UniqueIndexTests.NullFiltered_UniqueIndex_SkipsNullRows [1 ms]
  Passed Spanner.InMemoryEmulator.Tests.Unit.JoinTests.LeftOuterJoin_ExplicitOuter_Works [5 ms]
  Passed Spanner.InMemoryEmulator.Tests.Unit.ObserverCallbackTests.NullCallbacks_MethodWorksNormally [1 ms]
  Passed Spanner.InMemoryEmulator.Tests.Unit.SequenceTests.CreateSequence_GetNextValue_ReturnsBitReversedPositive [2 ms]
  Passed Spanner.InMemoryEmulator.Tests.Unit.InformationSchemaTests.Indexes_IncludesSecondaryIndex [4 ms]
  Passed Spanner.InMemoryEmulator.Tests.Unit.DmlExecutorTests.DmlOnNonExistentTable_ThrowsException [1 ms]
  Passed Spanner.InMemoryEmulator.Tests.Unit.UnnestAndArrayTests.ArrayAccess_Ordinal [2 ms]
  Passed Spanner.InMemoryEmulator.Tests.Unit.ForeignKeyTests.ForeignKey_Insert_WithInvalidReference_Throws [19 ms]
  Passed Spanner.InMemoryEmulator.Tests.Unit.QueryExecutorTests.Select_SpecificColumns_ReturnsOnlyThoseColumns [3 ms]
  Passed Spanner.InMemoryEmulator.Tests.Unit.MutationTests.DeleteRange_RemovesRowsInRange [2 ms]
  Passed Spanner.InMemoryEmulator.Tests.Unit.UniqueIndexTests.NullFiltered_UniqueIndex_EnforcesDuplicateNonNull [3 ms]
  Passed Spanner.InMemoryEmulator.Tests.Unit.QueryExecutorTests.Select_WithAlias_ReturnsAliasedColumn [1 ms]
  Passed Spanner.InMemoryEmulator.Tests.Unit.ForeignKeyTests.ForeignKey_NotEnforced_SkipsValidation [2 ms]
  Passed Spanner.InMemoryEmulator.Tests.Unit.MutationTests.Replace_ExistingRow_ReplacesEntireRow [2 ms]
  Passed Spanner.InMemoryEmulator.Tests.Unit.DmlExecutorTests.UpdateDml_MultipleSetClauses_UpdatesAllColumns [3 ms]
  Passed Spanner.InMemoryEmulator.Tests.Unit.SequenceTests.DropSequence_ThenQueryThrows [3 ms]
  Passed Spanner.InMemoryEmulator.Tests.Unit.AggregateTests.AnyValue_ReturnsSomeValue [9 ms]
  Passed Spanner.InMemoryEmulator.Tests.Unit.QueryExecutorTests.Select_WhereAnd_FiltersWithMultipleConditions [1 ms]
  Passed Spanner.InMemoryEmulator.Tests.Unit.ExtendedRpcTests.BatchWrite_IsLoggedInRequestLog [21 ms]
  Passed Spanner.InMemoryEmulator.Tests.Unit.ForeignKeyTests.ForeignKey_Insert_WithValidReference_Succeeds [1 ms]
  Passed Spanner.InMemoryEmulator.Tests.Unit.JoinTests.CrossJoin_ReturnsCartesianProduct [5 ms]
  Passed Spanner.InMemoryEmulator.Tests.Unit.UniqueIndexTests.DmlInsertOrUpdate_ViolatesUniqueIndex_Throws [2 ms]
  Passed Spanner.InMemoryEmulator.Tests.Unit.InformationSchemaTests.IndexColumns_ReturnsPkColumns [5 ms]
  Passed Spanner.InMemoryEmulator.Tests.Unit.QueryExecutorTests.Select_EmptyTable_ReturnsNoRows [< 1 ms]
  Passed Spanner.InMemoryEmulator.Tests.Unit.ObserverCallbackTests.Streaming_OnResponseSent_FiresOnce_WithNullResponse [6 ms]
  Passed Spanner.InMemoryEmulator.Tests.Unit.ExtendedRpcTests.BatchWrite_EmptyMutationGroups_ReturnsNoResponses [1 ms]
  Passed Spanner.InMemoryEmulator.Tests.Unit.ForeignKeyTests.ForeignKey_Insert_WithNull_Succeeds [2 ms]
  Passed Spanner.InMemoryEmulator.Tests.Unit.MutationTests.ClearAllData_ClearsRowsButKeepsSchema [3 ms]
  Passed Spanner.InMemoryEmulator.Tests.Unit.QueryExecutorTests.Select_GroupBy_GroupsCorrectly [2 ms]
  Passed Spanner.InMemoryEmulator.Tests.Unit.MutationTests.Insert_MissingPrimaryKey_ThrowsException [1 ms]
  Passed Spanner.InMemoryEmulator.Tests.Unit.DmlExecutorTests.InsertDml_DuplicateKey_ThrowsException [4 ms]
  Passed Spanner.InMemoryEmulator.Tests.Unit.QueryExecutorTests.Select_WhereEqual_FiltersRows [1 ms]
  Passed Spanner.InMemoryEmulator.Tests.Unit.ForeignKeyTests.ForeignKey_Update_ToInvalidReference_Throws [2 ms]
  Passed Spanner.InMemoryEmulator.Tests.Unit.JoinTests.LeftJoin_IncludesUnmatchedLeftRows [4 ms]
  Passed Spanner.InMemoryEmulator.Tests.Unit.InformationSchemaTests.Tables_IncludesTableType [4 ms]
  Passed Spanner.InMemoryEmulator.Tests.Unit.MutationTests.Insert_DuplicateKey_ThrowsException [1 ms]
  Passed Spanner.InMemoryEmulator.Tests.Unit.CoreFunctionTests.Cast_StringToFloat [34 ms]
  Passed Spanner.InMemoryEmulator.Tests.Unit.QueryExecutorTests.Select_WhereOr_FiltersWithEitherCondition [7 ms]
  Passed Spanner.InMemoryEmulator.Tests.Unit.DmlExecutorTests.DeleteDml_DeletesMatchingRows_ReturnsRowCount [8 ms]
  Passed Spanner.InMemoryEmulator.Tests.Unit.AggregateTests.ArrayAgg_CollectsAllValues [13 ms]
  Passed Spanner.InMemoryEmulator.Tests.Unit.MutationTests.DeleteRange_ExclusiveEnd_DoesNotDeleteEndKey [7 ms]
  Passed Spanner.InMemoryEmulator.Tests.Unit.ExtendedRpcTests.ExecuteSql_ProfileMode_ReturnsPlanAndRows [11 ms]
  Passed Spanner.InMemoryEmulator.Tests.Unit.MutationTests.Insert_NewRow_Succeeds [1 ms]
  Passed Spanner.InMemoryEmulator.Tests.Unit.DmlExecutorTests.InsertDml_InsertsRow_ReturnsRowCount [3 ms]
  Passed Spanner.InMemoryEmulator.Tests.Unit.AggregateTests.LogicalAnd_OneFalse_ReturnsFalse [3 ms]
  Passed Spanner.InMemoryEmulator.Tests.Unit.MutationTests.InsertOrUpdate_NewRow_InsertsRow [1 ms]
  Passed Spanner.InMemoryEmulator.Tests.Unit.CoreFunctionTests.Greatest [4 ms]
  Passed Spanner.InMemoryEmulator.Tests.Unit.ExtendedRpcTests.ExecuteSql_PlanMode_ReturnsEmptyPlanWithNoRows [3 ms]
  Passed Spanner.InMemoryEmulator.Tests.Unit.InformationSchemaTests.Columns_ReturnsAllColumns [12 ms]
  Passed Spanner.InMemoryEmulator.Tests.Unit.JoinTests.Join_WithWhere_FiltersAfterJoin [12 ms]
  Passed Spanner.InMemoryEmulator.Tests.Unit.MutationTests.Replace_NewRow_InsertsRow [1 ms]
  Passed Spanner.InMemoryEmulator.Tests.Unit.AggregateTests.BitXor_ComputesBitwiseXor [2 ms]
  Passed Spanner.InMemoryEmulator.Tests.Unit.CoreFunctionTests.Lower [2 ms]
  Passed Spanner.InMemoryEmulator.Tests.Unit.MutationTests.Delete_ExistingRow_RemovesRow [1 ms]
  Passed Spanner.InMemoryEmulator.Tests.Unit.JoinTests.InnerJoin_NoMatch_ReturnsEmpty [3 ms]
  Passed Spanner.InMemoryEmulator.Tests.Unit.CoreFunctionTests.Concat [2 ms]
  Passed Spanner.InMemoryEmulator.Tests.Unit.MutationTests.Update_PartialColumns_OnlyUpdatesSpecifiedColumns [2 ms]
  Passed Spanner.InMemoryEmulator.Tests.Unit.QueryExecutorTests.Select_CaseExpression_Works [9 ms]
  Passed Spanner.InMemoryEmulator.Tests.Unit.AggregateTests.CountIf_WithExpression_Counts [3 ms]
  Passed Spanner.InMemoryEmulator.Tests.Unit.InformationSchemaTests.CheckConstraints_ReturnsExpression [6 ms]
  Passed Spanner.InMemoryEmulator.Tests.Unit.AggregateTests.LogicalAnd_AllTrue_ReturnsTrue [2 ms]
  Passed Spanner.InMemoryEmulator.Tests.Unit.JoinTests.InnerJoin_OnMatching_ReturnsMatchedRows [6 ms]
  Passed Spanner.InMemoryEmulator.Tests.Unit.InformationSchemaTests.Indexes_ReturnsPrimaryKeys [3 ms]
  Passed Spanner.InMemoryEmulator.Tests.Unit.ExtendedRpcTests.PartitionRead_InvalidSession_Throws [11 ms]
  Passed Spanner.InMemoryEmulator.Tests.Unit.AggregateTests.ArrayAgg_WithDistinct_RemovesDuplicates [6 ms]
  Passed Spanner.InMemoryEmulator.Tests.Unit.QueryExecutorTests.Select_Avg_ReturnsAverage [9 ms]
  Passed Spanner.InMemoryEmulator.Tests.Unit.QueryExecutorTests.Select_CountStar_ReturnsRowCount [1 ms]
  Passed Spanner.InMemoryEmulator.Tests.Unit.AggregateTests.BitOr_ComputesBitwiseOr [2 ms]
  Passed Spanner.InMemoryEmulator.Tests.Unit.JoinTests.InnerJoin_ExplicitInner_Works [7 ms]
  Passed Spanner.InMemoryEmulator.Tests.Unit.QueryExecutorTests.Select_WithParameters_BindsParameterValues [1 ms]
  Passed Spanner.InMemoryEmulator.Tests.Unit.ExtendedRpcTests.BatchWrite_SingleMutationGroup_WritesData [6 ms]
  Passed Spanner.InMemoryEmulator.Tests.Unit.AggregateTests.LogicalOr_AllFalse_ReturnsFalse [1 ms]
  Passed Spanner.InMemoryEmulator.Tests.Unit.ExtendedRpcTests.ExecuteSql_WithStatsMode_ReturnsStatsAndRows [2 ms]
  Passed Spanner.InMemoryEmulator.Tests.Unit.DdlParserTests.AlterTable_DropColumn_RemovesColumn [92 ms]
  Passed Spanner.InMemoryEmulator.Tests.Unit.QueryExecutorTests.Select_WhereBetween_FiltersRange [4 ms]
  Passed Spanner.InMemoryEmulator.Tests.Unit.AggregateTests.StringAgg_WithGroupBy_AggregatesPerGroup [4 ms]
  Passed Spanner.InMemoryEmulator.Tests.Unit.JoinTests.FullJoin_IncludesBothUnmatchedSides [6 ms]
  Passed Spanner.InMemoryEmulator.Tests.Unit.ExtendedRpcTests.PartitionQuery_InvalidSession_Throws [3 ms]
  Passed Spanner.InMemoryEmulator.Tests.Unit.QueryExecutorTests.Select_WhereIsNull_FiltersNullValues [3 ms]
  Passed Spanner.InMemoryEmulator.Tests.Unit.DmlExecutorTests.ExecuteBatchDml_MixedStatements_ReturnsCorrectCounts [28 ms]
  Passed Spanner.InMemoryEmulator.Tests.Unit.JoinTests.SelfJoin_Works [2 ms]
  Passed Spanner.InMemoryEmulator.Tests.Unit.InformationSchemaTests.Columns_StringWithLength [16 ms]
  Passed Spanner.InMemoryEmulator.Tests.Unit.AggregateTests.LogicalOr_OneTrue_ReturnsTrue [4 ms]
  Passed Spanner.InMemoryEmulator.Tests.Unit.QueryExecutorTests.Select_StringConcatenation_Works [1 ms]
  Passed Spanner.InMemoryEmulator.Tests.Unit.QueryExecutorTests.Select_WhereGreaterThan_FiltersRows [1 ms]
  Passed Spanner.InMemoryEmulator.Tests.Unit.DmlExecutorTests.DeleteDml_DeleteAllRows_ReturnsCorrectCount [2 ms]
  Passed Spanner.InMemoryEmulator.Tests.Unit.AggregateTests.StringAgg_DefaultDelimiterIsComma [2 ms]
  Passed Spanner.InMemoryEmulator.Tests.Unit.InformationSchemaTests.TableConstraints_IncludesCheckConstraints [3 ms]
  Passed Spanner.InMemoryEmulator.Tests.Unit.QueryExecutorTests.Select_CountStarEmptyTable_ReturnsZero [1 ms]
  Passed Spanner.InMemoryEmulator.Tests.Unit.ExtendedRpcTests.BatchWrite_MultipleMutationGroups_WritesAll [13 ms]
  Passed Spanner.InMemoryEmulator.Tests.Unit.QueryExecutorTests.Select_OrderByMultipleColumns_ReturnsCorrectOrder [7 ms]
  Passed Spanner.InMemoryEmulator.Tests.Unit.DmlExecutorTests.InsertDml_MultipleRows_ReturnsCorrectCount [8 ms]
  Passed Spanner.InMemoryEmulator.Tests.Unit.CoreFunctionTests.JsonValue [33 ms]
  Passed Spanner.InMemoryEmulator.Tests.Unit.AggregateTests.Aggregates_OnEmptyTable_ReturnNullOrZero [8 ms]
  Passed Spanner.InMemoryEmulator.Tests.Unit.ExtendedRpcTests.PartitionQuery_WithBeginTransaction_ReturnsTransaction [1 ms]
  Passed Spanner.InMemoryEmulator.Tests.Unit.QueryExecutorTests.Select_NullComparison_ReturnsNull [1 ms]
  Passed Spanner.InMemoryEmulator.Tests.Unit.ExtendedRpcTests.BatchWrite_FailedGroup_ReportsError [1 ms]
  Passed Spanner.InMemoryEmulator.Tests.Unit.CompressionFunctionTests.ZstdDecompressToString_RoundTrips [108 ms]
  Passed Spanner.InMemoryEmulator.Tests.Unit.DmlExecutorTests.UpdateDml_UpdatesMatchingRows_ReturnsRowCount [4 ms]
  Passed Spanner.InMemoryEmulator.Tests.Unit.QueryExecutorTests.Select_Limit_ReturnsLimitedRows [3 ms]
  Passed Spanner.InMemoryEmulator.Tests.Unit.ExtendedRpcTests.ExecuteSql_WithPlanAndStatsMode_ReturnsPlanStatsAndRows [2 ms]
  Passed Spanner.InMemoryEmulator.Tests.Unit.DdlParserTests.CreateTable_BasicTableWithPrimaryKey_CreatesSchema [21 ms]
  Passed Spanner.InMemoryEmulator.Tests.Unit.ExtendedRpcTests.PartitionQuery_ReturnsSinglePartition [1 ms]
  Passed Spanner.InMemoryEmulator.Tests.Unit.DdlParserTests.CreateTable_CompositePrimaryKey_CreatesCorrectSchema [1 ms]
  Passed Spanner.InMemoryEmulator.Tests.Unit.CoreFunctionTests.Pow [6 ms]
  Passed Spanner.InMemoryEmulator.Tests.Unit.QueryExecutorTests.Select_Sum_ReturnsSumOfColumn [1 ms]
  Passed Spanner.InMemoryEmulator.Tests.Unit.CompressionFunctionTests.ZstdDecompressToBytes_RoundTrips [3 ms]
  Passed Spanner.InMemoryEmulator.Tests.Unit.DmlExecutorTests.ExecuteBatchDml_MultipleStatements_ReturnsPerStatementCounts [3 ms]
  Passed Spanner.InMemoryEmulator.Tests.Unit.QueryExecutorTests.Select_OrderByDesc_ReturnsInReverseOrder [1 ms]
  Passed Spanner.InMemoryEmulator.Tests.Unit.CoreFunctionTests.String_NullPropagation [2 ms]
  Passed Spanner.InMemoryEmulator.Tests.Unit.ExtendedRpcTests.BatchWrite_InvalidSession_Throws [2 ms]
  Passed Spanner.InMemoryEmulator.Tests.Unit.CompressionFunctionTests.ZstdCompress_StringInput_ReturnsBytesValue [1 ms]
  Passed Spanner.InMemoryEmulator.Tests.Unit.DdlParserTests.CreateTable_WithInterleaveInParent_SetsParentTable [2 ms]
  Passed Spanner.InMemoryEmulator.Tests.Unit.QueryExecutorTests.Select_WhereIsNotNull_FiltersNonNullValues [1 ms]
  Passed Spanner.InMemoryEmulator.Tests.Unit.ExtendedRpcTests.PartitionRead_WithBeginTransaction_ReturnsTransaction [1 ms]
  Passed Spanner.InMemoryEmulator.Tests.Unit.CompressionFunctionTests.ZstdDecompressToString_NullInput_ReturnsNull [1 ms]
  Passed Spanner.InMemoryEmulator.Tests.Unit.CoreFunctionTests.EndsWith [2 ms]
  Passed Spanner.InMemoryEmulator.Tests.Unit.CompressionFunctionTests.ZstdCompress_NullInput_ReturnsNull [1 ms]
  Passed Spanner.InMemoryEmulator.Tests.Unit.DdlParserTests.DropTable_ExistingTable_RemovesTable [2 ms]
  Passed Spanner.InMemoryEmulator.Tests.Unit.ExtendedRpcTests.ExecuteStreamingSql_PlanMode_ReturnsEmptyPlanWithNoRows [3 ms]
  Passed Spanner.InMemoryEmulator.Tests.Unit.DdlParserTests.DropIndex_ExistingIndex_Succeeds [2 ms]
  Passed Spanner.InMemoryEmulator.Tests.Unit.QueryExecutorTests.Select_CoalesceFunction_ReturnsFirstNonNull [4 ms]
  Passed Spanner.InMemoryEmulator.Tests.Unit.CoreFunctionTests.RegexpReplace [4 ms]
  Passed Spanner.InMemoryEmulator.Tests.Unit.DdlParserTests.CreateIndex_BasicIndex_Succeeds [1 ms]
  Passed Spanner.InMemoryEmulator.Tests.Unit.QueryExecutorTests.Select_Distinct_RemovesDuplicates [2 ms]
  Passed Spanner.InMemoryEmulator.Tests.Unit.ExtendedRpcTests.ExecuteSql_NormalMode_ReturnsRowsWithoutStats [3 ms]
  Passed Spanner.InMemoryEmulator.Tests.Unit.DdlParserTests.CreateTable_MultipleDdlStatements_CreatesAllTables [1 ms]
  Passed Spanner.InMemoryEmulator.Tests.Unit.CoreFunctionTests.Sign [2 ms]
  Passed Spanner.InMemoryEmulator.Tests.Unit.ObserverCallbackTests.AllStreamingMethods_FireBothCallbacks [73 ms]
  Passed Spanner.InMemoryEmulator.Tests.Unit.ExtendedRpcTests.PartitionQuery_IsLoggedInRequestLog [1 ms]
  Passed Spanner.InMemoryEmulator.Tests.Unit.CoreFunctionTests.Length [2 ms]
  Passed Spanner.InMemoryEmulator.Tests.Unit.DdlParserTests.CreateTable_ArrayColumn_CreatesCorrectType [3 ms]
  Passed Spanner.InMemoryEmulator.Tests.Unit.QueryExecutorTests.Select_WhereIn_FiltersMatchingValues [5 ms]
  Passed Spanner.InMemoryEmulator.Tests.Unit.CoreFunctionTests.Substr [2 ms]
  Passed Spanner.InMemoryEmulator.Tests.Unit.DdlParserTests.CreateTable_PrimaryKeyNotInColumns_ThrowsException [2 ms]
  Passed Spanner.InMemoryEmulator.Tests.Unit.QueryExecutorTests.ExecuteScalar_NoRows_ThrowsException [1 ms]
  Passed Spanner.InMemoryEmulator.Tests.Unit.DdlParserTests.ExecuteDdl_EmptyString_ThrowsException [1 ms]
  Passed Spanner.InMemoryEmulator.Tests.Unit.DdlParserTests.GetTableNames_ReturnsAllTableNames [1 ms]
  Passed Spanner.InMemoryEmulator.Tests.Unit.QueryExecutorTests.Select_LimitOffset_ReturnsPagedRows [2 ms]
  Passed Spanner.InMemoryEmulator.Tests.Unit.DdlParserTests.DropTable_NonExistent_ThrowsException [1 ms]
  Passed Spanner.InMemoryEmulator.Tests.Unit.CoreFunctionTests.If_True [4 ms]
  Passed Spanner.InMemoryEmulator.Tests.Unit.QueryExecutorTests.Select_CastExpression_ConvertsType [1 ms]
  Passed Spanner.InMemoryEmulator.Tests.Unit.CoreFunctionTests.Nullif_Same [4 ms]
  Passed Spanner.InMemoryEmulator.Tests.Unit.QueryExecutorTests.Select_WithMultipleParameters_BindsAll [3 ms]
  Passed Spanner.InMemoryEmulator.Tests.Unit.QueryExecutorTests.Select_WithoutFrom_ReturnsLiteralValues [1 ms]
  Passed Spanner.InMemoryEmulator.Tests.Unit.DdlParserTests.AlterTable_AddColumn_AddsNewColumn [6 ms]
  Passed Spanner.InMemoryEmulator.Tests.Unit.CoreFunctionTests.Cast_StringToInt [2 ms]
  Passed Spanner.InMemoryEmulator.Tests.Unit.DdlParserTests.ExecuteDdl_InvalidSyntax_ThrowsException [2 ms]
  Passed Spanner.InMemoryEmulator.Tests.Unit.ObserverCallbackTests.AllUnaryMethods_FireBothCallbacks [18 ms]
  Passed Spanner.InMemoryEmulator.Tests.Unit.ObserverCallbackTests.Server_PassThrough_OnRequestReceived_DelegatesToService [< 1 ms]
  Passed Spanner.InMemoryEmulator.Tests.Unit.CoreFunctionTests.Round [3 ms]
  Passed Spanner.InMemoryEmulator.Tests.Unit.DdlParserTests.CreateIndex_UniqueNullFilteredWithStoring_Succeeds [3 ms]
  Passed Spanner.InMemoryEmulator.Tests.Unit.CoreFunctionTests.StartsWith [2 ms]
  Passed Spanner.InMemoryEmulator.Tests.Unit.ObserverCallbackTests.Streaming_OnRequestReceived_FiresOnce [3 ms]
  Passed Spanner.InMemoryEmulator.Tests.Unit.SubqueryCteSetTests.UnionDistinct_RemovesDuplicates [346 ms]
  Passed Spanner.InMemoryEmulator.Tests.Unit.CoreFunctionTests.Ifnull [3 ms]
  Passed Spanner.InMemoryEmulator.Tests.Unit.CoreFunctionTests.Least [7 ms]
  Passed Spanner.InMemoryEmulator.Tests.Unit.SubqueryCteSetTests.ScalarSubquery_InWhere_FiltersCorrectly [9 ms]
  Passed Spanner.InMemoryEmulator.Tests.Unit.CoreFunctionTests.Cast_Null [1 ms]
  Passed Spanner.InMemoryEmulator.Tests.Unit.CoreFunctionTests.Math_NullPropagation [2 ms]
  Passed Spanner.InMemoryEmulator.Tests.Unit.SubqueryCteSetTests.Cte_SingleDefinition_Works [5 ms]
  Passed Spanner.InMemoryEmulator.Tests.Unit.CoreFunctionTests.Trunc_ [2 ms]
  Passed Spanner.InMemoryEmulator.Tests.Unit.CoreFunctionTests.Trim [2 ms]
  Passed Spanner.InMemoryEmulator.Tests.Unit.SubqueryCteSetTests.ExceptAll_SubtractsRows [3 ms]
  Passed Spanner.InMemoryEmulator.Tests.Unit.CoreFunctionTests.Lpad [2 ms]
  Passed Spanner.InMemoryEmulator.Tests.Unit.CoreFunctionTests.If_False [2 ms]
  Passed Spanner.InMemoryEmulator.Tests.Unit.SubqueryCteSetTests.Exists_ReturnsTrue_WhenRowsExist [5 ms]
  Passed Spanner.InMemoryEmulator.Tests.Unit.CoreFunctionTests.Strpos [2 ms]
  Passed Spanner.InMemoryEmulator.Tests.Unit.CoreFunctionTests.Coalesce [1 ms]
  Passed Spanner.InMemoryEmulator.Tests.Unit.SubqueryCteSetTests.Cte_MultipleCtes_Works [3 ms]
  Passed Spanner.InMemoryEmulator.Tests.Unit.CoreFunctionTests.Replace [2 ms]
  Passed Spanner.InMemoryEmulator.Tests.Unit.CoreFunctionTests.Abs [1 ms]
  Passed Spanner.InMemoryEmulator.Tests.Unit.SubqueryCteSetTests.ArraySubquery_CollectsValues [5 ms]
  Passed Spanner.InMemoryEmulator.Tests.Unit.CoreFunctionTests.Floor [2 ms]
  Passed Spanner.InMemoryEmulator.Tests.Unit.SubqueryCteSetTests.IntersectAll_ReturnsCommonRows [3 ms]
  Passed Spanner.InMemoryEmulator.Tests.Unit.CoreFunctionTests.GenerateArray [2 ms]
  Passed Spanner.InMemoryEmulator.Tests.Unit.SubqueryCteSetTests.ScalarSubquery_ReturnsNull_WhenEmpty [1 ms]
  Passed Spanner.InMemoryEmulator.Tests.Unit.CoreFunctionTests.Rtrim [1 ms]
  Passed Spanner.InMemoryEmulator.Tests.Unit.CoreFunctionTests.Ltrim [1 ms]
  Passed Spanner.InMemoryEmulator.Tests.Unit.SubqueryCteSetTests.NotInSubquery_FiltersCorrectly [3 ms]
  Passed Spanner.InMemoryEmulator.Tests.Unit.CoreFunctionTests.IeeeDivide_ByZero [3 ms]
  Passed Spanner.InMemoryEmulator.Tests.Unit.SubqueryCteSetTests.InSubquery_FiltersCorrectly [2 ms]
  Passed Spanner.InMemoryEmulator.Tests.Unit.CoreFunctionTests.Sqrt [2 ms]
  Passed Spanner.InMemoryEmulator.Tests.Unit.SubqueryCteSetTests.UnionAll_CombinesAllRows [2 ms]
  Passed Spanner.InMemoryEmulator.Tests.Unit.CoreFunctionTests.Repeat_ [2 ms]
  Passed Spanner.InMemoryEmulator.Tests.Unit.SubqueryCteSetTests.Exists_ReturnsFalse_WhenNoRows [2 ms]
  Passed Spanner.InMemoryEmulator.Tests.Unit.CoreFunctionTests.Cast_IntToString [2 ms]
  Passed Spanner.InMemoryEmulator.Tests.Unit.SubqueryCteSetTests.SubqueryInFrom_Works [4 ms]
  Passed Spanner.InMemoryEmulator.Tests.Unit.SubqueryCteSetTests.ScalarSubquery_InSelect_ReturnsValue [2 ms]
  Passed Spanner.InMemoryEmulator.Tests.Unit.CoreFunctionTests.CurrentTimestamp_ReturnsDateTime [5 ms]
  Passed Spanner.InMemoryEmulator.Tests.Unit.CoreFunctionTests.Mod [2 ms]
  Passed Spanner.InMemoryEmulator.Tests.Unit.StatePersistenceTests.ExportImport_PreservesMaxLength [407 ms]
  Passed Spanner.InMemoryEmulator.Tests.Unit.CoreFunctionTests.Ceil [2 ms]
  Passed Spanner.InMemoryEmulator.Tests.Unit.CoreFunctionTests.Reverse [2 ms]
  Passed Spanner.InMemoryEmulator.Tests.Unit.CoreFunctionTests.Div [2 ms]
  Passed Spanner.InMemoryEmulator.Tests.Unit.StatePersistenceTests.ExportImport_PreservesIndexes [6 ms]
  Passed Spanner.InMemoryEmulator.Tests.Unit.StatePersistenceTests.ExportImport_EmptyTable_PreservesSchema [6 ms]
  Passed Spanner.InMemoryEmulator.Tests.Unit.CoreFunctionTests.Json_NullPropagation [7 ms]
  Passed Spanner.InMemoryEmulator.Tests.Unit.StatePersistenceTests.ExportImport_PreservesNullability [1 ms]
  Passed Spanner.InMemoryEmulator.Tests.Unit.CoreFunctionTests.ArrayLength [2 ms]
  Passed Spanner.InMemoryEmulator.Tests.Unit.StatePersistenceTests.ExportImport_PreservesUniqueIndex [3 ms]
  Passed Spanner.InMemoryEmulator.Tests.Unit.CoreFunctionTests.SafeDivide_ByZero [2 ms]
  Passed Spanner.InMemoryEmulator.Tests.Unit.CoreFunctionTests.Nullif_Different [2 ms]
  Passed Spanner.InMemoryEmulator.Tests.Unit.CoreFunctionTests.JsonType [2 ms]
  Passed Spanner.InMemoryEmulator.Tests.Unit.CoreFunctionTests.RegexpExtract [2 ms]
  Passed Spanner.InMemoryEmulator.Tests.Unit.StatePersistenceTests.ExportImport_PreservesNullValues [17 ms]
  Passed Spanner.InMemoryEmulator.Tests.Unit.StatePersistenceTests.ExportImport_PreservesColumnTypes [10 ms]
  Passed Spanner.InMemoryEmulator.Tests.Unit.StatePersistenceTests.ExportImport_MultipleTables [5 ms]
  Passed Spanner.InMemoryEmulator.Tests.Unit.StatePersistenceTests.ExportImport_PreservesViews [8 ms]
  Passed Spanner.InMemoryEmulator.Tests.Unit.StatePersistenceTests.ExportState_EmptyDatabase_ReturnsValidJson [< 1 ms]
  Passed Spanner.InMemoryEmulator.Tests.Unit.StatePersistenceTests.ExportImport_WithData_PreservesRows [3 ms]
  Passed Spanner.InMemoryEmulator.Tests.Unit.StatePersistenceTests.ExportToFile_ImportFromFile_RoundTrips [48 ms]
[xUnit.net 00:00:01.38]   Finished:    Spanner.InMemoryEmulator.Tests.Unit
  Passed Spanner.InMemoryEmulator.Tests.Unit.StatePersistenceTests.ImportState_DisposedDatabase_Throws [2 ms]
  Passed Spanner.InMemoryEmulator.Tests.Unit.StatePersistenceTests.ImportState_InvalidJson_Throws [5 ms]
  Passed Spanner.InMemoryEmulator.Tests.Unit.StatePersistenceTests.ExportImport_PreservesSequences [11 ms]
  Passed Spanner.InMemoryEmulator.Tests.Unit.StatePersistenceTests.ImportState_ReplacesExistingState [4 ms]
  Passed Spanner.InMemoryEmulator.Tests.Unit.StatePersistenceTests.ExportState_DisposedDatabase_Throws [1 ms]
  Passed Spanner.InMemoryEmulator.Tests.Unit.StatePersistenceTests.ExportImport_PreservesBoolValues [5 ms]
  Passed Spanner.InMemoryEmulator.Tests.Unit.StatePersistenceTests.ExportImport_PreservesFloat64Values [15 ms]

Test Run Successful.
Total tests: 373
     Passed: 373
 Total time: 3.3561 Seconds
[xUnit.net 00:00:02.91]   Discovered:  Spanner.InMemoryEmulator.Tests.Integration
[xUnit.net 00:00:02.94]   Starting:    Spanner.InMemoryEmulator.Tests.Integration
info: Microsoft.Hosting.Lifetime[14]
      Now listening on: http://127.0.0.1:64236
info: Microsoft.Hosting.Lifetime[0]
      Application started. Press Ctrl+C to shut down.
info: Microsoft.Hosting.Lifetime[0]
      Hosting environment: Production
info: Microsoft.Hosting.Lifetime[0]
      Content root path: C:\git\Spanner.InMemoryEmulator\tests\Spanner.InMemoryEmulator.Tests.Integration\bin\Debug\net8.0
info: Microsoft.AspNetCore.Hosting.Diagnostics[1]
      Request starting HTTP/2 POST http://localhost:64236/google.spanner.admin.instance.v1.InstanceAdmin/DeleteInstance - application/grpc -
info: Microsoft.AspNetCore.Routing.EndpointMiddleware[0]
      Executing endpoint 'gRPC - /google.spanner.admin.instance.v1.InstanceAdmin/DeleteInstance'
info: Microsoft.AspNetCore.Routing.EndpointMiddleware[1]
      Executed endpoint 'gRPC - /google.spanner.admin.instance.v1.InstanceAdmin/DeleteInstance'
info: Microsoft.AspNetCore.Hosting.Diagnostics[2]
      Request finished HTTP/2 POST http://localhost:64236/google.spanner.admin.instance.v1.InstanceAdmin/DeleteInstance - 200 - application/grpc 83.4433ms
  Passed Spanner.InMemoryEmulator.Tests.Integration.AdminApiIntegrationTests.DeleteInstance_DoesNotThrow [2 s]
info: Microsoft.AspNetCore.Hosting.Diagnostics[1]
      Request starting HTTP/2 POST http://localhost:64236/google.spanner.admin.database.v1.DatabaseAdmin/ListDatabases - application/grpc -
info: Microsoft.AspNetCore.Routing.EndpointMiddleware[0]
      Executing endpoint 'gRPC - /google.spanner.admin.database.v1.DatabaseAdmin/ListDatabases'
info: Microsoft.AspNetCore.Routing.EndpointMiddleware[1]
      Executed endpoint 'gRPC - /google.spanner.admin.database.v1.DatabaseAdmin/ListDatabases'
info: Microsoft.AspNetCore.Hosting.Diagnostics[2]
      Request finished HTTP/2 POST http://localhost:64236/google.spanner.admin.database.v1.DatabaseAdmin/ListDatabases - 200 - application/grpc 7.0642ms
  Passed Spanner.InMemoryEmulator.Tests.Integration.AdminApiIntegrationTests.ListDatabases_ReturnsSingleDatabase [2 s]
info: Microsoft.AspNetCore.Hosting.Diagnostics[1]
      Request starting HTTP/2 POST http://localhost:64236/google.spanner.admin.database.v1.DatabaseAdmin/DropDatabase - application/grpc -
info: Microsoft.AspNetCore.Routing.EndpointMiddleware[0]
      Executing endpoint 'gRPC - /google.spanner.admin.database.v1.DatabaseAdmin/DropDatabase'
info: Microsoft.AspNetCore.Routing.EndpointMiddleware[1]
      Executed endpoint 'gRPC - /google.spanner.admin.database.v1.DatabaseAdmin/DropDatabase'
info: Microsoft.AspNetCore.Hosting.Diagnostics[2]
      Request finished HTTP/2 POST http://localhost:64236/google.spanner.admin.database.v1.DatabaseAdmin/DropDatabase - 200 - application/grpc 7.6017ms
  Passed Spanner.InMemoryEmulator.Tests.Integration.AdminApiIntegrationTests.DropDatabase_DoesNotThrow [2 s]
info: Microsoft.AspNetCore.Hosting.Diagnostics[1]
      Request starting HTTP/2 POST http://localhost:64236/google.spanner.admin.instance.v1.InstanceAdmin/ListInstances - application/grpc -
info: Microsoft.AspNetCore.Routing.EndpointMiddleware[0]
      Executing endpoint 'gRPC - /google.spanner.admin.instance.v1.InstanceAdmin/ListInstances'
info: Microsoft.AspNetCore.Routing.EndpointMiddleware[1]
      Executed endpoint 'gRPC - /google.spanner.admin.instance.v1.InstanceAdmin/ListInstances'
info: Microsoft.AspNetCore.Hosting.Diagnostics[2]
      Request finished HTTP/2 POST http://localhost:64236/google.spanner.admin.instance.v1.InstanceAdmin/ListInstances - 200 - application/grpc 14.1723ms
  Passed Spanner.InMemoryEmulator.Tests.Integration.AdminApiIntegrationTests.ListInstances_ReturnsSingleInstance [2 s]
info: Microsoft.AspNetCore.Hosting.Diagnostics[1]
      Request starting HTTP/2 POST http://localhost:64236/google.spanner.admin.instance.v1.InstanceAdmin/CreateInstance - application/grpc -
info: Microsoft.AspNetCore.Routing.EndpointMiddleware[0]
      Executing endpoint 'gRPC - /google.spanner.admin.instance.v1.InstanceAdmin/CreateInstance'
info: Microsoft.AspNetCore.Routing.EndpointMiddleware[1]
      Executed endpoint 'gRPC - /google.spanner.admin.instance.v1.InstanceAdmin/CreateInstance'
info: Microsoft.AspNetCore.Hosting.Diagnostics[2]
      Request finished HTTP/2 POST http://localhost:64236/google.spanner.admin.instance.v1.InstanceAdmin/CreateInstance - 200 - application/grpc 7.9260ms
  Passed Spanner.InMemoryEmulator.Tests.Integration.AdminApiIntegrationTests.CreateInstance_ReturnsCompletedOperation [2 s]
info: Microsoft.AspNetCore.Hosting.Diagnostics[1]
      Request starting HTTP/2 POST http://localhost:64236/google.spanner.admin.database.v1.DatabaseAdmin/UpdateDatabaseDdl - application/grpc -
info: Microsoft.AspNetCore.Routing.EndpointMiddleware[0]
      Executing endpoint 'gRPC - /google.spanner.admin.database.v1.DatabaseAdmin/UpdateDatabaseDdl'
info: Microsoft.AspNetCore.Routing.EndpointMiddleware[1]
      Executed endpoint 'gRPC - /google.spanner.admin.database.v1.DatabaseAdmin/UpdateDatabaseDdl'
info: Microsoft.AspNetCore.Hosting.Diagnostics[2]
      Request finished HTTP/2 POST http://localhost:64236/google.spanner.admin.database.v1.DatabaseAdmin/UpdateDatabaseDdl - 200 - application/grpc 125.9368ms
info: Microsoft.AspNetCore.Hosting.Diagnostics[1]
      Request starting HTTP/2 POST http://localhost:64236/google.spanner.admin.database.v1.DatabaseAdmin/GetDatabaseDdl - application/grpc -
info: Microsoft.AspNetCore.Routing.EndpointMiddleware[0]
      Executing endpoint 'gRPC - /google.spanner.admin.database.v1.DatabaseAdmin/GetDatabaseDdl'
info: Microsoft.AspNetCore.Routing.EndpointMiddleware[1]
      Executed endpoint 'gRPC - /google.spanner.admin.database.v1.DatabaseAdmin/GetDatabaseDdl'
info: Microsoft.AspNetCore.Hosting.Diagnostics[2]
      Request finished HTTP/2 POST http://localhost:64236/google.spanner.admin.database.v1.DatabaseAdmin/GetDatabaseDdl - 200 - application/grpc 2.7355ms
  Passed Spanner.InMemoryEmulator.Tests.Integration.AdminApiIntegrationTests.GetDatabaseDdl_ReturnsTrackedStatements [2 s]
info: Microsoft.AspNetCore.Hosting.Diagnostics[1]
      Request starting HTTP/2 POST http://localhost:64236/google.spanner.admin.database.v1.DatabaseAdmin/UpdateDatabaseDdl - application/grpc -
info: Microsoft.AspNetCore.Routing.EndpointMiddleware[0]
      Executing endpoint 'gRPC - /google.spanner.admin.database.v1.DatabaseAdmin/UpdateDatabaseDdl'
info: Microsoft.AspNetCore.Routing.EndpointMiddleware[1]
      Executed endpoint 'gRPC - /google.spanner.admin.database.v1.DatabaseAdmin/UpdateDatabaseDdl'
info: Microsoft.AspNetCore.Hosting.Diagnostics[2]
      Request finished HTTP/2 POST http://localhost:64236/google.spanner.admin.database.v1.DatabaseAdmin/UpdateDatabaseDdl - 200 - application/grpc 1.3474ms
  Passed Spanner.InMemoryEmulator.Tests.Integration.AdminApiIntegrationTests.UpdateDatabaseDdl_ExecutesStatements [2 s]
info: Microsoft.AspNetCore.Hosting.Diagnostics[1]
      Request starting HTTP/2 POST http://localhost:64236/google.spanner.admin.database.v1.DatabaseAdmin/GetDatabase - application/grpc -
info: Microsoft.AspNetCore.Routing.EndpointMiddleware[0]
      Executing endpoint 'gRPC - /google.spanner.admin.database.v1.DatabaseAdmin/GetDatabase'
info: Microsoft.AspNetCore.Routing.EndpointMiddleware[1]
      Executed endpoint 'gRPC - /google.spanner.admin.database.v1.DatabaseAdmin/GetDatabase'
info: Microsoft.AspNetCore.Hosting.Diagnostics[2]
      Request finished HTTP/2 POST http://localhost:64236/google.spanner.admin.database.v1.DatabaseAdmin/GetDatabase - 200 - application/grpc 1.4411ms
  Passed Spanner.InMemoryEmulator.Tests.Integration.AdminApiIntegrationTests.GetDatabase_ReturnsReadyState [2 s]
info: Microsoft.AspNetCore.Hosting.Diagnostics[1]
      Request starting HTTP/2 POST http://localhost:64236/google.spanner.admin.instance.v1.InstanceAdmin/GetInstance - application/grpc -
info: Microsoft.AspNetCore.Routing.EndpointMiddleware[0]
      Executing endpoint 'gRPC - /google.spanner.admin.instance.v1.InstanceAdmin/GetInstance'
info: Microsoft.AspNetCore.Routing.EndpointMiddleware[1]
      Executed endpoint 'gRPC - /google.spanner.admin.instance.v1.InstanceAdmin/GetInstance'
info: Microsoft.AspNetCore.Hosting.Diagnostics[2]
      Request finished HTTP/2 POST http://localhost:64236/google.spanner.admin.instance.v1.InstanceAdmin/GetInstance - 200 - application/grpc 1.1720ms
  Passed Spanner.InMemoryEmulator.Tests.Integration.AdminApiIntegrationTests.GetInstance_ReturnsReadyState [2 s]
info: Microsoft.AspNetCore.Hosting.Diagnostics[1]
      Request starting HTTP/2 POST http://localhost:64236/google.spanner.admin.database.v1.DatabaseAdmin/CreateDatabase - application/grpc -
info: Microsoft.AspNetCore.Routing.EndpointMiddleware[0]
      Executing endpoint 'gRPC - /google.spanner.admin.database.v1.DatabaseAdmin/CreateDatabase'
info: Microsoft.AspNetCore.Routing.EndpointMiddleware[1]
      Executed endpoint 'gRPC - /google.spanner.admin.database.v1.DatabaseAdmin/CreateDatabase'
info: Microsoft.AspNetCore.Hosting.Diagnostics[2]
      Request finished HTTP/2 POST http://localhost:64236/google.spanner.admin.database.v1.DatabaseAdmin/CreateDatabase - 200 - application/grpc 7.1025ms
  Passed Spanner.InMemoryEmulator.Tests.Integration.AdminApiIntegrationTests.CreateDatabase_WithExtraStatements_ExecutesDdl [2 s]
MSBUILD : error MSB4166: Child node "2" exited prematurely. Shutting down. Diagnostic information may be found in files in "C:\Users\N17781\AppData\Local\Temp\MSBuildTempdi1cb0g0.2bc\" and will be named MSBuild_*.failure.txt. This location can be changed by setting the MSBUILDDEBUGPATH environment variable to a different directory.
